// Vitest Snapshot v1, https://vitest.dev/guide/snapshot.html

exports[`Rocco asset references > keeps an explicit snapshot of the declared cartridge asset paths 1`] = `
[
  {
    "assetPath": "cartridges/rocco/music/game-music-1.mp3",
    "resolutionKind": "public-base-url",
    "sourceFile": "src/cartridges/rocco/games/rocco-default/audio/rocco-game-music.ts",
  },
  {
    "assetPath": "cartridges/rocco/music/game-music-2.mp3",
    "resolutionKind": "public-base-url",
    "sourceFile": "src/cartridges/rocco/games/rocco-default/audio/rocco-game-music.ts",
  },
  {
    "assetPath": "./assets/run-left-1.png",
    "resolutionKind": "module-relative",
    "sourceFile": "src/cartridges/rocco/games/rocco-default/characters/guysprite/guysprite-assets.ts",
  },
  {
    "assetPath": "./assets/run-left-2.png",
    "resolutionKind": "module-relative",
    "sourceFile": "src/cartridges/rocco/games/rocco-default/characters/guysprite/guysprite-assets.ts",
  },
  {
    "assetPath": "./assets/run-right-1.png",
    "resolutionKind": "module-relative",
    "sourceFile": "src/cartridges/rocco/games/rocco-default/characters/guysprite/guysprite-assets.ts",
  },
  {
    "assetPath": "./assets/run-right-2.png",
    "resolutionKind": "module-relative",
    "sourceFile": "src/cartridges/rocco/games/rocco-default/characters/guysprite/guysprite-assets.ts",
  },
  {
    "assetPath": "./assets/stand-down-left.png",
    "resolutionKind": "module-relative",
    "sourceFile": "src/cartridges/rocco/games/rocco-default/characters/guysprite/guysprite-assets.ts",
  },
  {
    "assetPath": "./assets/stand-down-right.png",
    "resolutionKind": "module-relative",
    "sourceFile": "src/cartridges/rocco/games/rocco-default/characters/guysprite/guysprite-assets.ts",
  },
  {
    "assetPath": "./assets/stand-down.png",
    "resolutionKind": "module-relative",
    "sourceFile": "src/cartridges/rocco/games/rocco-default/characters/guysprite/guysprite-assets.ts",
  },
  {
    "assetPath": "./assets/stand-left.png",
    "resolutionKind": "module-relative",
    "sourceFile": "src/cartridges/rocco/games/rocco-default/characters/guysprite/guysprite-assets.ts",
  },
  {
    "assetPath": "./assets/stand-right.png",
    "resolutionKind": "module-relative",
    "sourceFile": "src/cartridges/rocco/games/rocco-default/characters/guysprite/guysprite-assets.ts",
  },
  {
    "assetPath": "./assets/stand-up-left.png",
    "resolutionKind": "module-relative",
    "sourceFile": "src/cartridges/rocco/games/rocco-default/characters/guysprite/guysprite-assets.ts",
  },
  {
    "assetPath": "./assets/stand-up-right.png",
    "resolutionKind": "module-relative",
    "sourceFile": "src/cartridges/rocco/games/rocco-default/characters/guysprite/guysprite-assets.ts",
  },
  {
    "assetPath": "./assets/stand-up.png",
    "resolutionKind": "module-relative",
    "sourceFile": "src/cartridges/rocco/games/rocco-default/characters/guysprite/guysprite-assets.ts",
  },
  {
    "assetPath": "./assets/typing-1.png",
    "resolutionKind": "module-relative",
    "sourceFile": "src/cartridges/rocco/games/rocco-default/characters/guysprite/guysprite-assets.ts",
  },
  {
    "assetPath": "./assets/typing-2.png",
    "resolutionKind": "module-relative",
    "sourceFile": "src/cartridges/rocco/games/rocco-default/characters/guysprite/guysprite-assets.ts",
  },
  {
    "assetPath": "./assets/typing-3.png",
    "resolutionKind": "module-relative",
    "sourceFile": "src/cartridges/rocco/games/rocco-default/characters/guysprite/guysprite-assets.ts",
  },
  {
    "assetPath": "./assets/console-hardware-spawn-background.png",
    "resolutionKind": "module-relative",
    "sourceFile": "src/cartridges/rocco/games/rocco-default/maps/nether/nether-assets.ts",
  },
  {
    "assetPath": "./assets/console-hardware-spawn-lights.png",
    "resolutionKind": "module-relative",
    "sourceFile": "src/cartridges/rocco/games/rocco-default/maps/nether/nether-assets.ts",
  },
  {
    "assetPath": "./assets/console-hardware-spawn-walkpath.png",
    "resolutionKind": "module-relative",
    "sourceFile": "src/cartridges/rocco/games/rocco-default/maps/nether/nether-assets.ts",
  },
  {
    "assetPath": "./assets/end-of-hallway-door-background.png",
    "resolutionKind": "module-relative",
    "sourceFile": "src/cartridges/rocco/games/rocco-default/maps/nether/nether-assets.ts",
  },
  {
    "assetPath": "./assets/end-of-hallway-door-lights.png",
    "resolutionKind": "module-relative",
    "sourceFile": "src/cartridges/rocco/games/rocco-default/maps/nether/nether-assets.ts",
  },
  {
    "assetPath": "./assets/end-of-hallway-door-walkpath.png",
    "resolutionKind": "module-relative",
    "sourceFile": "src/cartridges/rocco/games/rocco-default/maps/nether/nether-assets.ts",
  },
  {
    "assetPath": "./assets/printer-front.png",
    "resolutionKind": "module-relative",
    "sourceFile": "src/cartridges/rocco/games/rocco-default/maps/nether/nether-assets.ts",
  },
  {
    "assetPath": "./assets/reset-office-1-walkpath.png",
    "resolutionKind": "module-relative",
    "sourceFile": "src/cartridges/rocco/games/rocco-default/maps/nether/nether-assets.ts",
  },
  {
    "assetPath": "./assets/reset-office-1.png",
    "resolutionKind": "module-relative",
    "sourceFile": "src/cartridges/rocco/games/rocco-default/maps/nether/nether-assets.ts",
  },
  {
    "assetPath": "./assets/reset-office-2-desk-chair.png",
    "resolutionKind": "module-relative",
    "sourceFile": "src/cartridges/rocco/games/rocco-default/maps/nether/nether-assets.ts",
  },
  {
    "assetPath": "./assets/reset-office-2-walkpath.png",
    "resolutionKind": "module-relative",
    "sourceFile": "src/cartridges/rocco/games/rocco-default/maps/nether/nether-assets.ts",
  },
  {
    "assetPath": "./assets/reset-office-2.png",
    "resolutionKind": "module-relative",
    "sourceFile": "src/cartridges/rocco/games/rocco-default/maps/nether/nether-assets.ts",
  },
  {
    "assetPath": "./assets/reset-office-door-open.png",
    "resolutionKind": "module-relative",
    "sourceFile": "src/cartridges/rocco/games/rocco-default/maps/nether/nether-assets.ts",
  },
  {
    "assetPath": "./assets/steam_machine.mp3",
    "resolutionKind": "module-relative",
    "sourceFile": "src/cartridges/rocco/games/rocco-default/maps/nether/nether-assets.ts",
  },
  {
    "assetPath": "./assets/camera/1.png",
    "resolutionKind": "module-relative",
    "sourceFile": "src/cartridges/rocco/games/rocco-default/maps/nether/nether-security-camera-assets.ts",
  },
  {
    "assetPath": "./assets/camera/2.png",
    "resolutionKind": "module-relative",
    "sourceFile": "src/cartridges/rocco/games/rocco-default/maps/nether/nether-security-camera-assets.ts",
  },
  {
    "assetPath": "./assets/camera/3.png",
    "resolutionKind": "module-relative",
    "sourceFile": "src/cartridges/rocco/games/rocco-default/maps/nether/nether-security-camera-assets.ts",
  },
  {
    "assetPath": "./assets/camera/4.png",
    "resolutionKind": "module-relative",
    "sourceFile": "src/cartridges/rocco/games/rocco-default/maps/nether/nether-security-camera-assets.ts",
  },
  {
    "assetPath": "./assets/you-lose.mp3",
    "resolutionKind": "module-relative",
    "sourceFile": "src/cartridges/rocco/games/rocco-default/maps/nether/nether-security-camera-assets.ts",
  },
  {
    "assetPath": "./assets/background-back-mid.png",
    "resolutionKind": "module-relative",
    "sourceFile": "src/cartridges/rocco/games/rocco-default/maps/pier/pier-assets.ts",
  },
  {
    "assetPath": "./assets/background-back.png",
    "resolutionKind": "module-relative",
    "sourceFile": "src/cartridges/rocco/games/rocco-default/maps/pier/pier-assets.ts",
  },
  {
    "assetPath": "./assets/background-front.png",
    "resolutionKind": "module-relative",
    "sourceFile": "src/cartridges/rocco/games/rocco-default/maps/pier/pier-assets.ts",
  },
  {
    "assetPath": "./assets/walking-path.png",
    "resolutionKind": "module-relative",
    "sourceFile": "src/cartridges/rocco/games/rocco-default/maps/pier/pier-assets.ts",
  },
  {
    "assetPath": "./assets/bait-bucket-kick.mp3",
    "resolutionKind": "module-relative",
    "sourceFile": "src/cartridges/rocco/games/rocco-default/maps/pier/pier-bait-bucket-assets.ts",
  },
  {
    "assetPath": "./assets/bait-bucket/dropped.png",
    "resolutionKind": "module-relative",
    "sourceFile": "src/cartridges/rocco/games/rocco-default/maps/pier/pier-bait-bucket-assets.ts",
  },
  {
    "assetPath": "./assets/bait-bucket/normal.png",
    "resolutionKind": "module-relative",
    "sourceFile": "src/cartridges/rocco/games/rocco-default/maps/pier/pier-bait-bucket-assets.ts",
  },
  {
    "assetPath": "./assets/bait-shop-door/closed.png",
    "resolutionKind": "module-relative",
    "sourceFile": "src/cartridges/rocco/games/rocco-default/maps/pier/pier-bait-shop-door-assets.ts",
  },
  {
    "assetPath": "./assets/bait-shop-door/open.png",
    "resolutionKind": "module-relative",
    "sourceFile": "src/cartridges/rocco/games/rocco-default/maps/pier/pier-bait-shop-door-assets.ts",
  },
  {
    "assetPath": "./assets/bait-shop-door/opening-door.mp3",
    "resolutionKind": "module-relative",
    "sourceFile": "src/cartridges/rocco/games/rocco-default/maps/pier/pier-bait-shop-door-assets.ts",
  },
  {
    "assetPath": "./assets/door-closing.mp3",
    "resolutionKind": "module-relative",
    "sourceFile": "src/cartridges/rocco/games/rocco-default/maps/pier/pier-bait-shop-door-assets.ts",
  },
  {
    "assetPath": "./assets/cloud/cloud.png",
    "resolutionKind": "module-relative",
    "sourceFile": "src/cartridges/rocco/games/rocco-default/maps/pier/pier-cloud-assets.ts",
  },
  {
    "assetPath": "./assets/keys/keys.mp3",
    "resolutionKind": "module-relative",
    "sourceFile": "src/cartridges/rocco/games/rocco-default/maps/pier/pier-keys-assets.ts",
  },
  {
    "assetPath": "./assets/pelikan/feeding.png",
    "resolutionKind": "module-relative",
    "sourceFile": "src/cartridges/rocco/games/rocco-default/maps/pier/pier-pelikan-assets.ts",
  },
  {
    "assetPath": "./assets/pelikan/flight.png",
    "resolutionKind": "module-relative",
    "sourceFile": "src/cartridges/rocco/games/rocco-default/maps/pier/pier-pelikan-assets.ts",
  },
  {
    "assetPath": "./assets/pelikan/flying.mp3",
    "resolutionKind": "module-relative",
    "sourceFile": "src/cartridges/rocco/games/rocco-default/maps/pier/pier-pelikan-assets.ts",
  },
  {
    "assetPath": "./assets/pelikan/idle-1.png",
    "resolutionKind": "module-relative",
    "sourceFile": "src/cartridges/rocco/games/rocco-default/maps/pier/pier-pelikan-assets.ts",
  },
  {
    "assetPath": "./assets/pelikan/idle-2.png",
    "resolutionKind": "module-relative",
    "sourceFile": "src/cartridges/rocco/games/rocco-default/maps/pier/pier-pelikan-assets.ts",
  },
  {
    "assetPath": "./assets/pelikan/idle-3.png",
    "resolutionKind": "module-relative",
    "sourceFile": "src/cartridges/rocco/games/rocco-default/maps/pier/pier-pelikan-assets.ts",
  },
  {
    "assetPath": "./assets/pelikan/idle-4.png",
    "resolutionKind": "module-relative",
    "sourceFile": "src/cartridges/rocco/games/rocco-default/maps/pier/pier-pelikan-assets.ts",
  },
  {
    "assetPath": "./assets/stan/police-whistle.mp3",
    "resolutionKind": "module-relative",
    "sourceFile": "src/cartridges/rocco/games/rocco-default/maps/pier/pier-stan-assets.ts",
  },
  {
    "assetPath": "./assets/stan/stan-sheet.png",
    "resolutionKind": "module-relative",
    "sourceFile": "src/cartridges/rocco/games/rocco-default/maps/pier/pier-stan-assets.ts",
  },
  {
    "assetPath": "./assets/bait-shop-background.png",
    "resolutionKind": "module-relative",
    "sourceFile": "src/cartridges/rocco/games/rocco-default/maps/shop/bait-shop-assets.ts",
  },
  {
    "assetPath": "./assets/bait-shop-foreground.png",
    "resolutionKind": "module-relative",
    "sourceFile": "src/cartridges/rocco/games/rocco-default/maps/shop/bait-shop-assets.ts",
  },
  {
    "assetPath": "./assets/bait-shop-screen-2-background.png",
    "resolutionKind": "module-relative",
    "sourceFile": "src/cartridges/rocco/games/rocco-default/maps/shop/bait-shop-assets.ts",
  },
  {
    "assetPath": "./assets/bait-shop-screen-2-toilet-door-open.png",
    "resolutionKind": "module-relative",
    "sourceFile": "src/cartridges/rocco/games/rocco-default/maps/shop/bait-shop-assets.ts",
  },
  {
    "assetPath": "./assets/bait-shop-screen-2-walkmap.png",
    "resolutionKind": "module-relative",
    "sourceFile": "src/cartridges/rocco/games/rocco-default/maps/shop/bait-shop-assets.ts",
  },
  {
    "assetPath": "./assets/bait-shop-souvenir-closeup.png",
    "resolutionKind": "module-relative",
    "sourceFile": "src/cartridges/rocco/games/rocco-default/maps/shop/bait-shop-assets.ts",
  },
  {
    "assetPath": "./assets/bait-shop-walkmap.png",
    "resolutionKind": "module-relative",
    "sourceFile": "src/cartridges/rocco/games/rocco-default/maps/shop/bait-shop-assets.ts",
  },
  {
    "assetPath": "./assets/bait-shop-toilet-background.png",
    "resolutionKind": "module-relative",
    "sourceFile": "src/cartridges/rocco/games/rocco-default/maps/shop/bait-shop-toilet-assets.ts",
  },
  {
    "assetPath": "./assets/bait-shop-toilet-rocco-reading-magazine.png",
    "resolutionKind": "module-relative",
    "sourceFile": "src/cartridges/rocco/games/rocco-default/maps/shop/bait-shop-toilet-assets.ts",
  },
  {
    "assetPath": "./assets/bait-shop-toilet-sheet.png",
    "resolutionKind": "module-relative",
    "sourceFile": "src/cartridges/rocco/games/rocco-default/maps/shop/bait-shop-toilet-assets.ts",
  },
  {
    "assetPath": "./assets/bait-shop-toilet-walkmap.png",
    "resolutionKind": "module-relative",
    "sourceFile": "src/cartridges/rocco/games/rocco-default/maps/shop/bait-shop-toilet-assets.ts",
  },
  {
    "assetPath": "./assets/medallion-step.mp3",
    "resolutionKind": "module-relative",
    "sourceFile": "src/cartridges/rocco/games/rocco-default/maps/shop/bait-shop-toilet-assets.ts",
  },
  {
    "assetPath": "./assets/portal-loop-sound.mp3",
    "resolutionKind": "module-relative",
    "sourceFile": "src/cartridges/rocco/games/rocco-default/maps/shop/bait-shop-toilet-assets.ts",
  },
  {
    "assetPath": "./assets/portal/1.png",
    "resolutionKind": "module-relative",
    "sourceFile": "src/cartridges/rocco/games/rocco-default/maps/shop/bait-shop-toilet-assets.ts",
  },
  {
    "assetPath": "./assets/portal/2.png",
    "resolutionKind": "module-relative",
    "sourceFile": "src/cartridges/rocco/games/rocco-default/maps/shop/bait-shop-toilet-assets.ts",
  },
  {
    "assetPath": "./assets/portal/3.png",
    "resolutionKind": "module-relative",
    "sourceFile": "src/cartridges/rocco/games/rocco-default/maps/shop/bait-shop-toilet-assets.ts",
  },
  {
    "assetPath": "./assets/portal/4.png",
    "resolutionKind": "module-relative",
    "sourceFile": "src/cartridges/rocco/games/rocco-default/maps/shop/bait-shop-toilet-assets.ts",
  },
  {
    "assetPath": "./assets/portal/5.png",
    "resolutionKind": "module-relative",
    "sourceFile": "src/cartridges/rocco/games/rocco-default/maps/shop/bait-shop-toilet-assets.ts",
  },
  {
    "assetPath": "./assets/portal/6.png",
    "resolutionKind": "module-relative",
    "sourceFile": "src/cartridges/rocco/games/rocco-default/maps/shop/bait-shop-toilet-assets.ts",
  },
  {
    "assetPath": "./assets/portal/7.png",
    "resolutionKind": "module-relative",
    "sourceFile": "src/cartridges/rocco/games/rocco-default/maps/shop/bait-shop-toilet-assets.ts",
  },
  {
    "assetPath": "./assets/portal/8.png",
    "resolutionKind": "module-relative",
    "sourceFile": "src/cartridges/rocco/games/rocco-default/maps/shop/bait-shop-toilet-assets.ts",
  },
  {
    "assetPath": "./assets/smoke/1.png",
    "resolutionKind": "module-relative",
    "sourceFile": "src/cartridges/rocco/games/rocco-default/maps/shop/bait-shop-toilet-assets.ts",
  },
  {
    "assetPath": "./assets/smoke/2.png",
    "resolutionKind": "module-relative",
    "sourceFile": "src/cartridges/rocco/games/rocco-default/maps/shop/bait-shop-toilet-assets.ts",
  },
  {
    "assetPath": "./assets/smoke/3.png",
    "resolutionKind": "module-relative",
    "sourceFile": "src/cartridges/rocco/games/rocco-default/maps/shop/bait-shop-toilet-assets.ts",
  },
  {
    "assetPath": "./assets/smoke/4.png",
    "resolutionKind": "module-relative",
    "sourceFile": "src/cartridges/rocco/games/rocco-default/maps/shop/bait-shop-toilet-assets.ts",
  },
  {
    "assetPath": "./assets/smoke/5.png",
    "resolutionKind": "module-relative",
    "sourceFile": "src/cartridges/rocco/games/rocco-default/maps/shop/bait-shop-toilet-assets.ts",
  },
  {
    "assetPath": "./assets/smoke/6.png",
    "resolutionKind": "module-relative",
    "sourceFile": "src/cartridges/rocco/games/rocco-default/maps/shop/bait-shop-toilet-assets.ts",
  },
  {
    "assetPath": "./assets/smoke/7.png",
    "resolutionKind": "module-relative",
    "sourceFile": "src/cartridges/rocco/games/rocco-default/maps/shop/bait-shop-toilet-assets.ts",
  },
  {
    "assetPath": "./assets/spell-sound.mp3",
    "resolutionKind": "module-relative",
    "sourceFile": "src/cartridges/rocco/games/rocco-default/maps/shop/bait-shop-toilet-assets.ts",
  },
  {
    "assetPath": "./assets/default/pick-up.png",
    "resolutionKind": "module-relative",
    "sourceFile": "src/cartridges/rocco/games/rocco-default/player/rocco-player-assets.ts",
  },
  {
    "assetPath": "./assets/default/run-left-1.png",
    "resolutionKind": "module-relative",
    "sourceFile": "src/cartridges/rocco/games/rocco-default/player/rocco-player-assets.ts",
  },
  {
    "assetPath": "./assets/default/run-left-2.png",
    "resolutionKind": "module-relative",
    "sourceFile": "src/cartridges/rocco/games/rocco-default/player/rocco-player-assets.ts",
  },
  {
    "assetPath": "./assets/default/run-right-1.png",
    "resolutionKind": "module-relative",
    "sourceFile": "src/cartridges/rocco/games/rocco-default/player/rocco-player-assets.ts",
  },
  {
    "assetPath": "./assets/default/run-right-2.png",
    "resolutionKind": "module-relative",
    "sourceFile": "src/cartridges/rocco/games/rocco-default/player/rocco-player-assets.ts",
  },
  {
    "assetPath": "./assets/default/stand-down-left.png",
    "resolutionKind": "module-relative",
    "sourceFile": "src/cartridges/rocco/games/rocco-default/player/rocco-player-assets.ts",
  },
  {
    "assetPath": "./assets/default/stand-down-right.png",
    "resolutionKind": "module-relative",
    "sourceFile": "src/cartridges/rocco/games/rocco-default/player/rocco-player-assets.ts",
  },
  {
    "assetPath": "./assets/default/stand-down.png",
    "resolutionKind": "module-relative",
    "sourceFile": "src/cartridges/rocco/games/rocco-default/player/rocco-player-assets.ts",
  },
  {
    "assetPath": "./assets/default/stand-left.png",
    "resolutionKind": "module-relative",
    "sourceFile": "src/cartridges/rocco/games/rocco-default/player/rocco-player-assets.ts",
  },
  {
    "assetPath": "./assets/default/stand-right.png",
    "resolutionKind": "module-relative",
    "sourceFile": "src/cartridges/rocco/games/rocco-default/player/rocco-player-assets.ts",
  },
  {
    "assetPath": "./assets/default/stand-up-left.png",
    "resolutionKind": "module-relative",
    "sourceFile": "src/cartridges/rocco/games/rocco-default/player/rocco-player-assets.ts",
  },
  {
    "assetPath": "./assets/default/stand-up-right.png",
    "resolutionKind": "module-relative",
    "sourceFile": "src/cartridges/rocco/games/rocco-default/player/rocco-player-assets.ts",
  },
  {
    "assetPath": "./assets/default/stand-up.png",
    "resolutionKind": "module-relative",
    "sourceFile": "src/cartridges/rocco/games/rocco-default/player/rocco-player-assets.ts",
  },
  {
    "assetPath": "./assets/lab-coat/run-left-1.png",
    "resolutionKind": "module-relative",
    "sourceFile": "src/cartridges/rocco/games/rocco-default/player/rocco-player-assets.ts",
  },
  {
    "assetPath": "./assets/lab-coat/run-left-2.png",
    "resolutionKind": "module-relative",
    "sourceFile": "src/cartridges/rocco/games/rocco-default/player/rocco-player-assets.ts",
  },
  {
    "assetPath": "./assets/lab-coat/run-right-1.png",
    "resolutionKind": "module-relative",
    "sourceFile": "src/cartridges/rocco/games/rocco-default/player/rocco-player-assets.ts",
  },
  {
    "assetPath": "./assets/lab-coat/run-right-2.png",
    "resolutionKind": "module-relative",
    "sourceFile": "src/cartridges/rocco/games/rocco-default/player/rocco-player-assets.ts",
  },
  {
    "assetPath": "./assets/lab-coat/stand-down-left.png",
    "resolutionKind": "module-relative",
    "sourceFile": "src/cartridges/rocco/games/rocco-default/player/rocco-player-assets.ts",
  },
  {
    "assetPath": "./assets/lab-coat/stand-down-right.png",
    "resolutionKind": "module-relative",
    "sourceFile": "src/cartridges/rocco/games/rocco-default/player/rocco-player-assets.ts",
  },
  {
    "assetPath": "./assets/lab-coat/stand-down.png",
    "resolutionKind": "module-relative",
    "sourceFile": "src/cartridges/rocco/games/rocco-default/player/rocco-player-assets.ts",
  },
  {
    "assetPath": "./assets/lab-coat/stand-left.png",
    "resolutionKind": "module-relative",
    "sourceFile": "src/cartridges/rocco/games/rocco-default/player/rocco-player-assets.ts",
  },
  {
    "assetPath": "./assets/lab-coat/stand-right.png",
    "resolutionKind": "module-relative",
    "sourceFile": "src/cartridges/rocco/games/rocco-default/player/rocco-player-assets.ts",
  },
  {
    "assetPath": "./assets/lab-coat/stand-up-left.png",
    "resolutionKind": "module-relative",
    "sourceFile": "src/cartridges/rocco/games/rocco-default/player/rocco-player-assets.ts",
  },
  {
    "assetPath": "./assets/lab-coat/stand-up-right.png",
    "resolutionKind": "module-relative",
    "sourceFile": "src/cartridges/rocco/games/rocco-default/player/rocco-player-assets.ts",
  },
  {
    "assetPath": "./assets/lab-coat/stand-up.png",
    "resolutionKind": "module-relative",
    "sourceFile": "src/cartridges/rocco/games/rocco-default/player/rocco-player-assets.ts",
  },
  {
    "assetPath": "./assets/actions/developer-mode.svg",
    "resolutionKind": "module-relative",
    "sourceFile": "src/cartridges/rocco/games/rocco-default/ui/rocco-action-menu-assets.ts",
  },
  {
    "assetPath": "./assets/actions/grab.png",
    "resolutionKind": "module-relative",
    "sourceFile": "src/cartridges/rocco/games/rocco-default/ui/rocco-action-menu-assets.ts",
  },
  {
    "assetPath": "./assets/actions/inventory.png",
    "resolutionKind": "module-relative",
    "sourceFile": "src/cartridges/rocco/games/rocco-default/ui/rocco-action-menu-assets.ts",
  },
  {
    "assetPath": "./assets/actions/kick.png",
    "resolutionKind": "module-relative",
    "sourceFile": "src/cartridges/rocco/games/rocco-default/ui/rocco-action-menu-assets.ts",
  },
  {
    "assetPath": "./assets/actions/look.png",
    "resolutionKind": "module-relative",
    "sourceFile": "src/cartridges/rocco/games/rocco-default/ui/rocco-action-menu-assets.ts",
  },
  {
    "assetPath": "./assets/actions/sprite-cycle-cursor.svg",
    "resolutionKind": "module-relative",
    "sourceFile": "src/cartridges/rocco/games/rocco-default/ui/rocco-action-menu-assets.ts",
  },
  {
    "assetPath": "./assets/actions/talk.png",
    "resolutionKind": "module-relative",
    "sourceFile": "src/cartridges/rocco/games/rocco-default/ui/rocco-action-menu-assets.ts",
  },
  {
    "assetPath": "./assets/actions/use-wc.png",
    "resolutionKind": "module-relative",
    "sourceFile": "src/cartridges/rocco/games/rocco-default/ui/rocco-action-menu-assets.ts",
  },
  {
    "assetPath": "./assets/items/keys/keys.png",
    "resolutionKind": "module-relative",
    "sourceFile": "src/cartridges/rocco/inventory/rocco-inventory-assets.ts",
  },
  {
    "assetPath": "./assets/items/keys/mysterious-key.png",
    "resolutionKind": "module-relative",
    "sourceFile": "src/cartridges/rocco/inventory/rocco-inventory-assets.ts",
  },
  {
    "assetPath": "./assets/items/lab-coat/lab-coat-ground.png",
    "resolutionKind": "module-relative",
    "sourceFile": "src/cartridges/rocco/inventory/rocco-inventory-assets.ts",
  },
  {
    "assetPath": "./assets/items/lab-coat/lab-coat.png",
    "resolutionKind": "module-relative",
    "sourceFile": "src/cartridges/rocco/inventory/rocco-inventory-assets.ts",
  },
  {
    "assetPath": "./assets/items/magazine/micromania-closed.png",
    "resolutionKind": "module-relative",
    "sourceFile": "src/cartridges/rocco/inventory/rocco-inventory-assets.ts",
  },
  {
    "assetPath": "./assets/items/magazine/micromania-inventory.png",
    "resolutionKind": "module-relative",
    "sourceFile": "src/cartridges/rocco/inventory/rocco-inventory-assets.ts",
  },
  {
    "assetPath": "./assets/items/money/20-euros.png",
    "resolutionKind": "module-relative",
    "sourceFile": "src/cartridges/rocco/inventory/rocco-inventory-assets.ts",
  },
  {
    "assetPath": "./assets/souvenirs/abyssal-talisman.png",
    "resolutionKind": "module-relative",
    "sourceFile": "src/cartridges/rocco/inventory/rocco-inventory-assets.ts",
  },
  {
    "assetPath": "./assets/souvenirs/coral-relic.png",
    "resolutionKind": "module-relative",
    "sourceFile": "src/cartridges/rocco/inventory/rocco-inventory-assets.ts",
  },
  {
    "assetPath": "./assets/souvenirs/floating-amulet.png",
    "resolutionKind": "module-relative",
    "sourceFile": "src/cartridges/rocco/inventory/rocco-inventory-assets.ts",
  },
  {
    "assetPath": "./assets/souvenirs/spiral-razor.png",
    "resolutionKind": "module-relative",
    "sourceFile": "src/cartridges/rocco/inventory/rocco-inventory-assets.ts",
  },
  {
    "assetPath": "./assets/souvenirs/amber-spiral.png",
    "resolutionKind": "module-relative",
    "sourceFile": "src/cartridges/rocco/inventory/souvenir-assets.ts",
  },
  {
    "assetPath": "./assets/souvenirs/amber-star.png",
    "resolutionKind": "module-relative",
    "sourceFile": "src/cartridges/rocco/inventory/souvenir-assets.ts",
  },
  {
    "assetPath": "./assets/souvenirs/amber-turritella.png",
    "resolutionKind": "module-relative",
    "sourceFile": "src/cartridges/rocco/inventory/souvenir-assets.ts",
  },
  {
    "assetPath": "./assets/souvenirs/beach-necklace.png",
    "resolutionKind": "module-relative",
    "sourceFile": "src/cartridges/rocco/inventory/souvenir-assets.ts",
  },
  {
    "assetPath": "./assets/souvenirs/copper-fan.png",
    "resolutionKind": "module-relative",
    "sourceFile": "src/cartridges/rocco/inventory/souvenir-assets.ts",
  },
  {
    "assetPath": "./assets/souvenirs/golden-nautilus.png",
    "resolutionKind": "module-relative",
    "sourceFile": "src/cartridges/rocco/inventory/souvenir-assets.ts",
  },
  {
    "assetPath": "./assets/souvenirs/golden-scallop.png",
    "resolutionKind": "module-relative",
    "sourceFile": "src/cartridges/rocco/inventory/souvenir-assets.ts",
  },
  {
    "assetPath": "./assets/souvenirs/hollow-urchin.png",
    "resolutionKind": "module-relative",
    "sourceFile": "src/cartridges/rocco/inventory/souvenir-assets.ts",
  },
  {
    "assetPath": "./assets/souvenirs/horseshoe-crab.png",
    "resolutionKind": "module-relative",
    "sourceFile": "src/cartridges/rocco/inventory/souvenir-assets.ts",
  },
  {
    "assetPath": "./assets/souvenirs/japanese-float.png",
    "resolutionKind": "module-relative",
    "sourceFile": "src/cartridges/rocco/inventory/souvenir-assets.ts",
  },
  {
    "assetPath": "./assets/souvenirs/razor-shell.png",
    "resolutionKind": "module-relative",
    "sourceFile": "src/cartridges/rocco/inventory/souvenir-assets.ts",
  },
  {
    "assetPath": "./assets/souvenirs/red-coral.png",
    "resolutionKind": "module-relative",
    "sourceFile": "src/cartridges/rocco/inventory/souvenir-assets.ts",
  },
  {
    "assetPath": "./assets/souvenirs/sea-dollar.png",
    "resolutionKind": "module-relative",
    "sourceFile": "src/cartridges/rocco/inventory/souvenir-assets.ts",
  },
  {
    "assetPath": "./assets/souvenirs/speckled-cowrie.png",
    "resolutionKind": "module-relative",
    "sourceFile": "src/cartridges/rocco/inventory/souvenir-assets.ts",
  },
  {
    "assetPath": "./assets/souvenirs/spiny-murex.png",
    "resolutionKind": "module-relative",
    "sourceFile": "src/cartridges/rocco/inventory/souvenir-assets.ts",
  },
  {
    "assetPath": "./assets/souvenirs/striped-clam.png",
    "resolutionKind": "module-relative",
    "sourceFile": "src/cartridges/rocco/inventory/souvenir-assets.ts",
  },
  {
    "assetPath": "./assets/souvenirs/striped-urchin.png",
    "resolutionKind": "module-relative",
    "sourceFile": "src/cartridges/rocco/inventory/souvenir-assets.ts",
  },
  {
    "assetPath": "./assets/souvenirs/tiger-cone.png",
    "resolutionKind": "module-relative",
    "sourceFile": "src/cartridges/rocco/inventory/souvenir-assets.ts",
  },
  {
    "assetPath": "./assets/souvenirs/tower-shell.png",
    "resolutionKind": "module-relative",
    "sourceFile": "src/cartridges/rocco/inventory/souvenir-assets.ts",
  },
]
`;
